Release 14.7 - xst P.20131013 (nt64)
Copyright (c) 1995-2013 Xilinx, Inc.  All rights reserved.
--> Parameter TMPDIR set to xst/projnav.tmp


Total REAL time to Xst completion: 0.00 secs
Total CPU time to Xst completion: 0.08 secs
 
--> Parameter xsthdpdir set to xst


Total REAL time to Xst completion: 0.00 secs
Total CPU time to Xst completion: 0.09 secs
 
--> Reading design: LED.prj

TABLE OF CONTENTS
  1) Synthesis Options Summary
  2) HDL Parsing
  3) HDL Elaboration
  4) HDL Synthesis
       4.1) HDL Synthesis Report
  5) Advanced HDL Synthesis
       5.1) Advanced HDL Synthesis Report
  6) Low Level Synthesis
  7) Partition Report
  8) Design Summary
       8.1) Primitive and Black Box Usage
       8.2) Device utilization summary
       8.3) Partition Resource Summary
       8.4) Timing Report
            8.4.1) Clock Information
            8.4.2) Asynchronous Control Signals Information
            8.4.3) Timing Summary
            8.4.4) Timing Details
            8.4.5) Cross Clock Domains Report


=========================================================================
*                      Synthesis Options Summary                        *
=========================================================================
---- Source Parameters
Input File Name                    : "LED.prj"
Ignore Synthesis Constraint File   : NO

---- Target Parameters
Output File Name                   : "LED"
Output Format                      : NGC
Target Device                      : xc6vlx240t-1-ff1156

---- Source Options
Top Module Name                    : LED
Automatic FSM Extraction           : YES
FSM Encoding Algorithm             : Auto
Safe Implementation                : No
FSM Style                          : LUT
RAM Extraction                     : Yes
RAM Style                          : Auto
ROM Extraction                     : Yes
Shift Register Extraction          : YES
ROM Style                          : Auto
Resource Sharing                   : YES
Asynchronous To Synchronous        : NO
Shift Register Minimum Size        : 2
Use DSP Block                      : Auto
Automatic Register Balancing       : No

---- Target Options
LUT Combining                      : Auto
Reduce Control Sets                : Auto
Add IO Buffers                     : YES
Global Maximum Fanout              : 100000
Add Generic Clock Buffer(BUFG)     : 32
Register Duplication               : YES
Optimize Instantiated Primitives   : NO
Use Clock Enable                   : Auto
Use Synchronous Set                : Auto
Use Synchronous Reset              : Auto
Pack IO Registers into IOBs        : Auto
Equivalent register Removal        : YES

---- General Options
Optimization Goal                  : Speed
Optimization Effort                : 1
Power Reduction                    : NO
Keep Hierarchy                     : No
Netlist Hierarchy                  : As_Optimized
RTL Output                         : Yes
Global Optimization                : AllClockNets
Read Cores                         : YES
Write Timing Constraints           : NO
Cross Clock Analysis               : NO
Hierarchy Separator                : /
Bus Delimiter                      : <>
Case Specifier                     : Maintain
Slice Utilization Ratio            : 100
BRAM Utilization Ratio             : 100
DSP48 Utilization Ratio            : 100
Auto BRAM Packing                  : NO
Slice Utilization Ratio Delta      : 5

=========================================================================


=========================================================================
*                          HDL Parsing                                  *
=========================================================================
Parsing VHDL file "D:\Xilinx\workspace\LED_stream\LED_stream\LED.vhd" into library work
Parsing entity <LED>.
Parsing architecture <Behavioral> of entity <led>.

=========================================================================
*                            HDL Elaboration                            *
=========================================================================

Elaborating entity <LED> (architecture <Behavioral>) from library <work>.
WARNING:HDLCompiler:92 - "D:\Xilinx\workspace\LED_stream\LED_stream\LED.vhd" Line 80: led should be on the sensitivity list of the process
WARNING:HDLCompiler:92 - "D:\Xilinx\workspace\LED_stream\LED_stream\LED.vhd" Line 81: led should be on the sensitivity list of the process
WARNING:HDLCompiler:92 - "D:\Xilinx\workspace\LED_stream\LED_stream\LED.vhd" Line 82: led should be on the sensitivity list of the process
WARNING:HDLCompiler:92 - "D:\Xilinx\workspace\LED_stream\LED_stream\LED.vhd" Line 83: led should be on the sensitivity list of the process
WARNING:HDLCompiler:92 - "D:\Xilinx\workspace\LED_stream\LED_stream\LED.vhd" Line 84: led should be on the sensitivity list of the process
WARNING:HDLCompiler:92 - "D:\Xilinx\workspace\LED_stream\LED_stream\LED.vhd" Line 85: led should be on the sensitivity list of the process
WARNING:HDLCompiler:92 - "D:\Xilinx\workspace\LED_stream\LED_stream\LED.vhd" Line 86: led should be on the sensitivity list of the process
WARNING:HDLCompiler:92 - "D:\Xilinx\workspace\LED_stream\LED_stream\LED.vhd" Line 87: led should be on the sensitivity list of the process

=========================================================================
*                           HDL Synthesis                               *
=========================================================================

Synthesizing Unit <LED>.
    Related source file is "D:\Xilinx\workspace\LED_stream\LED_stream\LED.vhd".
    Found 1-bit register for signal <clk1>.
    Found 9-bit register for signal <count>.
    Found 8-bit register for signal <LED>.
    Found 25-bit register for signal <cnt>.
    Found 25-bit adder for signal <cnt[24]_GND_3_o_add_1_OUT> created at line 59.
    Found 25-bit comparator lessequal for signal <n0003> created at line 61
    Summary:
	inferred   1 Adder/Subtractor(s).
	inferred  43 D-type flip-flop(s).
	inferred   1 Comparator(s).
	inferred   1 Multiplexer(s).
Unit <LED> synthesized.

=========================================================================
HDL Synthesis Report

Macro Statistics
# Adders/Subtractors                                   : 1
 25-bit adder                                          : 1
# Registers                                            : 4
 1-bit register                                        : 1
 25-bit register                                       : 1
 8-bit register                                        : 1
 9-bit register                                        : 1
# Comparators                                          : 1
 25-bit comparator lessequal                           : 1
# Multiplexers                                         : 1
 25-bit 2-to-1 multiplexer                             : 1

=========================================================================

=========================================================================
*                       Advanced HDL Synthesis                          *
=========================================================================


Synthesizing (advanced) Unit <LED>.
The following registers are absorbed into counter <cnt>: 1 register on signal <cnt>.
Unit <LED> synthesized (advanced).

=========================================================================
Advanced HDL Synthesis Report

Macro Statistics
# Adders/Subtractors                                   : 1
 25-bit adder                                          : 1
# Counters                                             : 1
 25-bit up counter                                     : 1
# Registers                                            : 18
 Flip-Flops                                            : 18
# Comparators                                          : 1
 25-bit comparator lessequal                           : 1
# Multiplexers                                         : 1
 25-bit 2-to-1 multiplexer                             : 1

=========================================================================

=========================================================================
*                         Low Level Synthesis                           *
=========================================================================

Optimizing unit <LED> ...

Mapping all equations...
Building and optimizing final netlist ...
Found area constraint ratio of 100 (+ 5) on block LED, actual ratio is 0.

Final Macro Processing ...

=========================================================================
Final Register Report

Macro Statistics
# Registers                                            : 43
 Flip-Flops                                            : 43

=========================================================================

=========================================================================
*                           Partition Report                            *
=========================================================================

Partition Implementation Status
-------------------------------

  No Partitions were found in this design.

-------------------------------

=========================================================================
*                            Design Summary                             *
=========================================================================

Top Level Output File Name         : LED.ngc

Primitive and Black Box Usage:
------------------------------
# BELS                             : 183
#      GND                         : 1
#      INV                         : 2
#      LUT1                        : 48
#      LUT2                        : 25
#      LUT4                        : 3
#      LUT5                        : 2
#      LUT6                        : 8
#      MUXCY                       : 48
#      VCC                         : 1
#      XORCY                       : 45
# FlipFlops/Latches                : 43
#      FD                          : 26
#      FDE                         : 8
#      FDR                         : 8
#      FDS                         : 1
# Clock Buffers                    : 1
#      BUFGP                       : 1
# IO Buffers                       : 8
#      OBUF                        : 8

Device utilization summary:
---------------------------

Selected Device : 6vlx240tff1156-1 


Slice Logic Utilization: 
 Number of Slice Registers:              43  out of  301440     0%  
 Number of Slice LUTs:                   88  out of  150720     0%  
    Number used as Logic:                88  out of  150720     0%  

Slice Logic Distribution: 
 Number of LUT Flip Flop pairs used:    105
   Number with an unused Flip Flop:      62  out of    105    59%  
   Number with an unused LUT:            17  out of    105    16%  
   Number of fully used LUT-FF pairs:    26  out of    105    24%  
   Number of unique control sets:         3

IO Utilization: 
 Number of IOs:                           9
 Number of bonded IOBs:                   9  out of    600     1%  

Specific Feature Utilization:
 Number of BUFG/BUFGCTRLs:                1  out of     32     3%  

---------------------------
Partition Resource Summary:
---------------------------

  No Partitions were found in this design.

---------------------------


=========================================================================
Timing Report

NOTE: THESE TIMING NUMBERS ARE ONLY A SYNTHESIS ESTIMATE.
      FOR ACCURATE TIMING INFORMATION PLEASE REFER TO THE TRACE REPORT
      GENERATED AFTER PLACE-and-ROUTE.

Clock Information:
------------------
-----------------------------------+------------------------+-------+
Clock Signal                       | Clock buffer(FF name)  | Load  |
-----------------------------------+------------------------+-------+
clk                                | BUFGP                  | 26    |
clk1                               | NONE(count_0)          | 17    |
-----------------------------------+------------------------+-------+
INFO:Xst:2169 - HDL ADVISOR - Some clock signals were not automatically buffered by XST with BUFG/BUFR resources. Please use the buffer_type constraint in order to insert these buffers to the clock signals to help prevent skew problems.

Asynchronous Control Signals Information:
----------------------------------------
No asynchronous control signals found in this design

Timing Summary:
---------------
Speed Grade: -1

   Minimum period: 3.187ns (Maximum Frequency: 313.824MHz)
   Minimum input arrival time before clock: No path found
   Maximum output required time after clock: 0.777ns
   Maximum combinational path delay: No path found

Timing Details:
---------------
All values displayed in nanoseconds (ns)

=========================================================================
Timing constraint: Default period analysis for Clock 'clk'
  Clock period: 3.187ns (frequency: 313.824MHz)
  Total number of paths / destination ports: 1285 / 26
-------------------------------------------------------------------------
Delay:               3.187ns (Levels of Logic = 24)
  Source:            cnt_0 (FF)
  Destination:       clk1 (FF)
  Source Clock:      clk rising
  Destination Clock: clk rising

  Data Path: cnt_0 to clk1
                                Gate     Net
    Cell:in->out      fanout   Delay   Delay  Logical Name (Net Name)
    ----------------------------------------  ------------
     FD:C->Q               3   0.375   0.413  cnt_0 (cnt_0)
     INV:I->O              1   0.086   0.000  Madd_cnt[24]_GND_3_o_add_1_OUT_lut<0>_INV_0 (Madd_cnt[24]_GND_3_o_add_1_OUT_lut<0>)
     MUXCY:S->O            1   0.290   0.000  Madd_cnt[24]_GND_3_o_add_1_OUT_cy<0> (Madd_cnt[24]_GND_3_o_add_1_OUT_cy<0>)
     MUXCY:CI->O           1   0.020   0.000  Madd_cnt[24]_GND_3_o_add_1_OUT_cy<1> (Madd_cnt[24]_GND_3_o_add_1_OUT_cy<1>)
     MUXCY:CI->O           1   0.020   0.000  Madd_cnt[24]_GND_3_o_add_1_OUT_cy<2> (Madd_cnt[24]_GND_3_o_add_1_OUT_cy<2>)
     MUXCY:CI->O           1   0.020   0.000  Madd_cnt[24]_GND_3_o_add_1_OUT_cy<3> (Madd_cnt[24]_GND_3_o_add_1_OUT_cy<3>)
     MUXCY:CI->O           1   0.020   0.000  Madd_cnt[24]_GND_3_o_add_1_OUT_cy<4> (Madd_cnt[24]_GND_3_o_add_1_OUT_cy<4>)
     MUXCY:CI->O           1   0.020   0.000  Madd_cnt[24]_GND_3_o_add_1_OUT_cy<5> (Madd_cnt[24]_GND_3_o_add_1_OUT_cy<5>)
     MUXCY:CI->O           1   0.020   0.000  Madd_cnt[24]_GND_3_o_add_1_OUT_cy<6> (Madd_cnt[24]_GND_3_o_add_1_OUT_cy<6>)
     MUXCY:CI->O           1   0.020   0.000  Madd_cnt[24]_GND_3_o_add_1_OUT_cy<7> (Madd_cnt[24]_GND_3_o_add_1_OUT_cy<7>)
     MUXCY:CI->O           1   0.020   0.000  Madd_cnt[24]_GND_3_o_add_1_OUT_cy<8> (Madd_cnt[24]_GND_3_o_add_1_OUT_cy<8>)
     MUXCY:CI->O           1   0.020   0.000  Madd_cnt[24]_GND_3_o_add_1_OUT_cy<9> (Madd_cnt[24]_GND_3_o_add_1_OUT_cy<9>)
     MUXCY:CI->O           1   0.020   0.000  Madd_cnt[24]_GND_3_o_add_1_OUT_cy<10> (Madd_cnt[24]_GND_3_o_add_1_OUT_cy<10>)
     MUXCY:CI->O           1   0.020   0.000  Madd_cnt[24]_GND_3_o_add_1_OUT_cy<11> (Madd_cnt[24]_GND_3_o_add_1_OUT_cy<11>)
     MUXCY:CI->O           1   0.020   0.000  Madd_cnt[24]_GND_3_o_add_1_OUT_cy<12> (Madd_cnt[24]_GND_3_o_add_1_OUT_cy<12>)
     MUXCY:CI->O           1   0.020   0.000  Madd_cnt[24]_GND_3_o_add_1_OUT_cy<13> (Madd_cnt[24]_GND_3_o_add_1_OUT_cy<13>)
     MUXCY:CI->O           1   0.020   0.000  Madd_cnt[24]_GND_3_o_add_1_OUT_cy<14> (Madd_cnt[24]_GND_3_o_add_1_OUT_cy<14>)
     MUXCY:CI->O           1   0.020   0.000  Madd_cnt[24]_GND_3_o_add_1_OUT_cy<15> (Madd_cnt[24]_GND_3_o_add_1_OUT_cy<15>)
     MUXCY:CI->O           1   0.020   0.000  Madd_cnt[24]_GND_3_o_add_1_OUT_cy<16> (Madd_cnt[24]_GND_3_o_add_1_OUT_cy<16>)
     MUXCY:CI->O           1   0.020   0.000  Madd_cnt[24]_GND_3_o_add_1_OUT_cy<17> (Madd_cnt[24]_GND_3_o_add_1_OUT_cy<17>)
     MUXCY:CI->O           1   0.020   0.000  Madd_cnt[24]_GND_3_o_add_1_OUT_cy<18> (Madd_cnt[24]_GND_3_o_add_1_OUT_cy<18>)
     MUXCY:CI->O           1   0.020   0.000  Madd_cnt[24]_GND_3_o_add_1_OUT_cy<19> (Madd_cnt[24]_GND_3_o_add_1_OUT_cy<19>)
     XORCY:CI->O           1   0.239   0.775  Madd_cnt[24]_GND_3_o_add_1_OUT_xor<20> (cnt[24]_GND_3_o_add_1_OUT<20>)
     LUT5:I0->O            1   0.068   0.491  cnt[24]_GND_3_o_LessThan_4_o31 (cnt[24]_GND_3_o_LessThan_4_o3)
     LUT6:I4->O            1   0.068   0.000  cnt[24]_GND_3_o_LessThan_4_o35 (cnt[24]_GND_3_o_LessThan_4_o)
     FD:D                      0.011          clk1
    ----------------------------------------
    Total                      3.187ns (1.508ns logic, 1.679ns route)
                                       (47.3% logic, 52.7% route)

=========================================================================
Timing constraint: Default period analysis for Clock 'clk1'
  Clock period: 2.472ns (frequency: 404.531MHz)
  Total number of paths / destination ports: 169 / 33
-------------------------------------------------------------------------
Delay:               2.472ns (Levels of Logic = 2)
  Source:            count_5 (FF)
  Destination:       count_0 (FF)
  Source Clock:      clk1 rising
  Destination Clock: clk1 rising

  Data Path: count_5 to count_0
                                Gate     Net
    Cell:in->out      fanout   Delay   Delay  Logical Name (Net Name)
    ----------------------------------------  ------------
     FDR:C->Q              3   0.375   0.652  count_5 (count_5)
     LUT4:I0->O            2   0.068   0.423  PWR_3_o_count[8]_equal_6_o<8>_SW0 (N4)
     LUT6:I5->O            9   0.068   0.452  PWR_3_o_count[8]_equal_6_o<8> (PWR_3_o_count[8]_equal_6_o)
     FDS:S                     0.434          count_0
    ----------------------------------------
    Total                      2.472ns (0.945ns logic, 1.527ns route)
                                       (38.2% logic, 61.8% route)

=========================================================================
Timing constraint: Default OFFSET OUT AFTER for Clock 'clk1'
  Total number of paths / destination ports: 8 / 8
-------------------------------------------------------------------------
Offset:              0.777ns (Levels of Logic = 1)
  Source:            LED_0 (FF)
  Destination:       led0 (PAD)
  Source Clock:      clk1 rising

  Data Path: LED_0 to led0
                                Gate     Net
    Cell:in->out      fanout   Delay   Delay  Logical Name (Net Name)
    ----------------------------------------  ------------
     FDE:C->Q              1   0.375   0.399  LED_0 (LED_0)
     OBUF:I->O                 0.003          led0_OBUF (led0)
    ----------------------------------------
    Total                      0.777ns (0.378ns logic, 0.399ns route)
                                       (48.6% logic, 51.4% route)

=========================================================================

Cross Clock Domains Report:
--------------------------

Clock to Setup on destination clock clk
---------------+---------+---------+---------+---------+
               | Src:Rise| Src:Fall| Src:Rise| Src:Fall|
Source Clock   |Dest:Rise|Dest:Rise|Dest:Fall|Dest:Fall|
---------------+---------+---------+---------+---------+
clk            |    3.187|         |         |         |
---------------+---------+---------+---------+---------+

Clock to Setup on destination clock clk1
---------------+---------+---------+---------+---------+
               | Src:Rise| Src:Fall| Src:Rise| Src:Fall|
Source Clock   |Dest:Rise|Dest:Rise|Dest:Fall|Dest:Fall|
---------------+---------+---------+---------+---------+
clk1           |    2.472|         |         |         |
---------------+---------+---------+---------+---------+

=========================================================================


Total REAL time to Xst completion: 6.00 secs
Total CPU time to Xst completion: 6.10 secs
 
--> 

Total memory usage is 4555156 kilobytes

Number of errors   :    0 (   0 filtered)
Number of warnings :    8 (   0 filtered)
Number of infos    :    1 (   0 filtered)

